python : {"timestamp": "2025-10-30T12:49:35.464340", "level": "INFO", "logger": "src.agents.workflows.rfq.observability", 
"message": "Starting Phase 3 integration test", "module": "observability", "function": "info", "line": 362, "workflow_id": null, 
"stage": null}
At line:1 char:88
+ ... \backend" ; python test_phase3_parallel_orchestration.py > test_outpu ...
+                 ~~~~~~~~~~~~~~~~~~~~~~~~~~~~~~~~~~~~~~~~~~~~~~~~~~~~~~~~~
    + CategoryInfo          : NotSpecified: ({"timestamp": "... "stage": null}:String) [], RemoteException
    + FullyQualifiedErrorId : NativeCommandError
 
[2025-10-30 12:49:35 - C:\Users\maxbush\OneDrive - Microsoft\Documents\Pet 
Projects\agent-demo\backend\src\agents\workflows\rfq\observability.py:362 - INFO] Starting Phase 3 integration test
{"timestamp": "2025-10-30T12:49:35.464915", "level": "INFO", "logger": "src.agents.workflows.rfq.observability", "message": 
"Phase 2: Starting preprocessing stage", "module": "observability", "function": "info", "line": 362, "workflow_id": null, 
"stage": null}
[2025-10-30 12:49:35 - C:\Users\maxbush\OneDrive - Microsoft\Documents\Pet 
Projects\agent-demo\backend\src\agents\workflows\rfq\observability.py:362 - INFO] Phase 2: Starting preprocessing stage
{"timestamp": "2025-10-30T12:49:35.465200", "level": "INFO", "logger": "src.agents.workflows.rfq.observability", "message": 
"Starting preprocessing for RFQ: Premium Industrial Sensors", "module": "observability", "function": "info", "line": 362, 
"workflow_id": "test-phase3-1761846575", "stage": "preprocessing"}
[2025-10-30 12:49:35 - C:\Users\maxbush\OneDrive - Microsoft\Documents\Pet 
Projects\agent-demo\backend\src\agents\workflows\rfq\observability.py:362 - INFO] Starting preprocessing for RFQ: Premium 
Industrial Sensors
{"timestamp": "2025-10-30T12:49:35.465448", "level": "INFO", "logger": "src.agents.workflows.rfq.observability", "message": 
"Stage 1: Product Review Agent", "module": "observability", "function": "info", "line": 362, "workflow_id": 
"test-phase3-1761846575", "stage": "preprocessing"}
[2025-10-30 12:49:35 - C:\Users\maxbush\OneDrive - Microsoft\Documents\Pet 
Projects\agent-demo\backend\src\agents\workflows\rfq\observability.py:362 - INFO] Stage 1: Product Review Agent
{"timestamp": "2025-10-30T12:49:35.465507", "level": "INFO", "logger": "src.agents.workflows.rfq.observability", "message": 
"Starting product review for Premium Industrial Sensors", "module": "observability", "function": "info", "line": 362, 
"workflow_id": "test-phase3-1761846575", "stage": "product_review"}
[2025-10-30 12:49:35 - C:\Users\maxbush\OneDrive - Microsoft\Documents\Pet 
Projects\agent-demo\backend\src\agents\workflows\rfq\observability.py:362 - INFO] Starting product review for Premium Industrial 
Sensors
{"timestamp": "2025-10-30T12:49:35.465602", "level": "INFO", "logger": "src.agents.workflows.rfq.observability", "message": 
"Product review completed successfully", "module": "observability", "function": "info", "line": 362, "workflow_id": 
"test-phase3-1761846575", "stage": "product_review"}
[2025-10-30 12:49:35 - C:\Users\maxbush\OneDrive - Microsoft\Documents\Pet 
Projects\agent-demo\backend\src\agents\workflows\rfq\observability.py:362 - INFO] Product review completed successfully
{"timestamp": "2025-10-30T12:49:35.465644", "level": "INFO", "logger": "src.agents.workflows.rfq.observability", "message": 
"\u2705 Product Review complete: Category=industrial_sensors, Qty=500, Certs=1", "module": "observability", "function": "info", 
"line": 362, "workflow_id": "test-phase3-1761846575", "stage": "preprocessing"}
[2025-10-30 12:49:35 - C:\Users\maxbush\OneDrive - Microsoft\Documents\Pet 
Projects\agent-demo\backend\src\agents\workflows\rfq\observability.py:362 - INFO] \u2705 Product Review complete: 
Category=industrial_sensors, Qty=500, Certs=1
{"timestamp": "2025-10-30T12:49:35.465691", "level": "INFO", "logger": "src.agents.workflows.rfq.observability", "message": 
"Stage 2: Vendor Qualification Agent", "module": "observability", "function": "info", "line": 362, "workflow_id": 
"test-phase3-1761846575", "stage": "preprocessing"}
[2025-10-30 12:49:35 - C:\Users\maxbush\OneDrive - Microsoft\Documents\Pet 
Projects\agent-demo\backend\src\agents\workflows\rfq\observability.py:362 - INFO] Stage 2: Vendor Qualification Agent
{"timestamp": "2025-10-30T12:49:35.465726", "level": "INFO", "logger": "src.agents.workflows.rfq.observability", "message": 
"Starting vendor qualification for Premium Industrial Sensors", "module": "observability", "function": "info", "line": 362, 
"workflow_id": "test-phase3-1761846575", "stage": "vendor_qualification"}
[2025-10-30 12:49:35 - C:\Users\maxbush\OneDrive - Microsoft\Documents\Pet 
Projects\agent-demo\backend\src\agents\workflows\rfq\observability.py:362 - INFO] Starting vendor qualification for Premium 
Industrial Sensors
{"timestamp": "2025-10-30T12:49:35.465760", "level": "INFO", "logger": "src.agents.workflows.rfq.observability", "message": 
"Querying vendors for category: industrial_sensors", "module": "observability", "function": "info", "line": 362, "workflow_id": 
"test-phase3-1761846575", "stage": "vendor_qualification"}
[2025-10-30 12:49:35 - C:\Users\maxbush\OneDrive - Microsoft\Documents\Pet 
Projects\agent-demo\backend\src\agents\workflows\rfq\observability.py:362 - INFO] Querying vendors for category: 
industrial_sensors
{"timestamp": "2025-10-30T12:49:35.568935", "level": "INFO", "logger": "src.agents.workflows.rfq.observability", "message": 
"Vendor qualification completed: 5 vendors qualified", "module": "observability", "function": "info", "line": 362, "workflow_id": 
"test-phase3-1761846575", "stage": "vendor_qualification"}
[2025-10-30 12:49:35 - C:\Users\maxbush\OneDrive - Microsoft\Documents\Pet 
Projects\agent-demo\backend\src\agents\workflows\rfq\observability.py:362 - INFO] Vendor qualification completed: 5 vendors 
qualified
{"timestamp": "2025-10-30T12:49:35.569160", "level": "INFO", "logger": "src.agents.workflows.rfq.observability", "message": 
"\u2705 Vendor Qualification complete: 5 vendors qualified", "module": "observability", "function": "info", "line": 362, 
"workflow_id": "test-phase3-1761846575", "stage": "preprocessing"}
[2025-10-30 12:49:35 - C:\Users\maxbush\OneDrive - Microsoft\Documents\Pet 
Projects\agent-demo\backend\src\agents\workflows\rfq\observability.py:362 - INFO] \u2705 Vendor Qualification complete: 5 vendors 
qualified
{"timestamp": "2025-10-30T12:49:35.569240", "level": "INFO", "logger": "src.agents.workflows.rfq.observability", "message": 
"\u2705 Preprocessing complete in 0.10s", "module": "observability", "function": "info", "line": 362, "workflow_id": 
"test-phase3-1761846575", "stage": "preprocessing"}
[2025-10-30 12:49:35 - C:\Users\maxbush\OneDrive - Microsoft\Documents\Pet 
Projects\agent-demo\backend\src\agents\workflows\rfq\observability.py:362 - INFO] \u2705 Preprocessing complete in 0.10s
{"timestamp": "2025-10-30T12:49:35.569290", "level": "INFO", "logger": "src.agents.workflows.rfq.observability", "message": 
"Phase 2 complete: 5 vendors qualified", "module": "observability", "function": "info", "line": 362, "workflow_id": null, 
"stage": null}
[2025-10-30 12:49:35 - C:\Users\maxbush\OneDrive - Microsoft\Documents\Pet 
Projects\agent-demo\backend\src\agents\workflows\rfq\observability.py:362 - INFO] Phase 2 complete: 5 vendors qualified
{"timestamp": "2025-10-30T12:49:35.569328", "level": "INFO", "logger": "src.agents.workflows.rfq.observability", "message": 
"Phase 3.1: Starting parallel RFQ submission", "module": "observability", "function": "info", "line": 362, "workflow_id": null, 
"stage": null}
[2025-10-30 12:49:35 - C:\Users\maxbush\OneDrive - Microsoft\Documents\Pet 
Projects\agent-demo\backend\src\agents\workflows\rfq\observability.py:362 - INFO] Phase 3.1: Starting parallel RFQ submission
{"timestamp": "2025-10-30T12:49:35.569370", "level": "INFO", "logger": "src.agents.workflows.rfq.observability", "message": 
"Starting parallel RFQ submission to 5 vendors", "module": "observability", "function": "info", "line": 362, "workflow_id": 
"test-phase3-1761846575", "stage": "rfq_submission"}
[2025-10-30 12:49:35 - C:\Users\maxbush\OneDrive - Microsoft\Documents\Pet 
Projects\agent-demo\backend\src\agents\workflows\rfq\observability.py:362 - INFO] Starting parallel RFQ submission to 5 vendors
{"timestamp": "2025-10-30T12:49:35.569510", "level": "INFO", "logger": "src.agents.workflows.rfq.observability", "message": 
"Submitting RFQ to Quality Components LLC", "module": "observability", "function": "info", "line": 362, "workflow_id": 
"test-phase3-1761846575", "stage": "rfq_submission", "vendor_id": "V005"}
[2025-10-30 12:49:35 - C:\Users\maxbush\OneDrive - Microsoft\Documents\Pet 
Projects\agent-demo\backend\src\agents\workflows\rfq\observability.py:362 - INFO] Submitting RFQ to Quality Components LLC
{"timestamp": "2025-10-30T12:49:35.569668", "level": "INFO", "logger": "src.agents.workflows.rfq.observability", "message": 
"Submitting RFQ to AccuParts Industries", "module": "observability", "function": "info", "line": 362, "workflow_id": 
"test-phase3-1761846575", "stage": "rfq_submission", "vendor_id": "V001"}
[2025-10-30 12:49:35 - C:\Users\maxbush\OneDrive - Microsoft\Documents\Pet 
Projects\agent-demo\backend\src\agents\workflows\rfq\observability.py:362 - INFO] Submitting RFQ to AccuParts Industries
{"timestamp": "2025-10-30T12:49:35.569723", "level": "INFO", "logger": "src.agents.workflows.rfq.observability", "message": 
"Submitting RFQ to EuroComponent GmbH", "module": "observability", "function": "info", "line": 362, "workflow_id": 
"test-phase3-1761846575", "stage": "rfq_submission", "vendor_id": "V003"}
[2025-10-30 12:49:35 - C:\Users\maxbush\OneDrive - Microsoft\Documents\Pet 
Projects\agent-demo\backend\src\agents\workflows\rfq\observability.py:362 - INFO] Submitting RFQ to EuroComponent GmbH
{"timestamp": "2025-10-30T12:49:35.569762", "level": "INFO", "logger": "src.agents.workflows.rfq.observability", "message": 
"Submitting RFQ to Global Manufacturing Co.", "module": "observability", "function": "info", "line": 362, "workflow_id": 
"test-phase3-1761846575", "stage": "rfq_submission", "vendor_id": "V002"}
[2025-10-30 12:49:35 - C:\Users\maxbush\OneDrive - Microsoft\Documents\Pet 
Projects\agent-demo\backend\src\agents\workflows\rfq\observability.py:362 - INFO] Submitting RFQ to Global Manufacturing Co.
{"timestamp": "2025-10-30T12:49:35.569799", "level": "INFO", "logger": "src.agents.workflows.rfq.observability", "message": 
"Submitting RFQ to TechSupply Asia Ltd.", "module": "observability", "function": "info", "line": 362, "workflow_id": 
"test-phase3-1761846575", "stage": "rfq_submission", "vendor_id": "V004"}
[2025-10-30 12:49:35 - C:\Users\maxbush\OneDrive - Microsoft\Documents\Pet 
Projects\agent-demo\backend\src\agents\workflows\rfq\observability.py:362 - INFO] Submitting RFQ to TechSupply Asia Ltd.
{"timestamp": "2025-10-30T12:49:35.631049", "level": "INFO", "logger": "src.agents.workflows.rfq.observability", "message": 
"\u2705 RFQ submitted to Quality Components LLC", "module": "observability", "function": "info", "line": 362, "workflow_id": 
"test-phase3-1761846575", "stage": "rfq_submission", "vendor_id": "V005"}
[2025-10-30 12:49:35 - C:\Users\maxbush\OneDrive - Microsoft\Documents\Pet 
Projects\agent-demo\backend\src\agents\workflows\rfq\observability.py:362 - INFO] \u2705 RFQ submitted to Quality Components LLC
{"timestamp": "2025-10-30T12:49:35.631310", "level": "INFO", "logger": "src.agents.workflows.rfq.observability", "message": 
"\u2705 RFQ submitted to AccuParts Industries", "module": "observability", "function": "info", "line": 362, "workflow_id": 
"test-phase3-1761846575", "stage": "rfq_submission", "vendor_id": "V001"}
[2025-10-30 12:49:35 - C:\Users\maxbush\OneDrive - Microsoft\Documents\Pet 
Projects\agent-demo\backend\src\agents\workflows\rfq\observability.py:362 - INFO] \u2705 RFQ submitted to AccuParts Industries
{"timestamp": "2025-10-30T12:49:35.631408", "level": "INFO", "logger": "src.agents.workflows.rfq.observability", "message": 
"\u2705 RFQ submitted to EuroComponent GmbH", "module": "observability", "function": "info", "line": 362, "workflow_id": 
"test-phase3-1761846575", "stage": "rfq_submission", "vendor_id": "V003"}
[2025-10-30 12:49:35 - C:\Users\maxbush\OneDrive - Microsoft\Documents\Pet 
Projects\agent-demo\backend\src\agents\workflows\rfq\observability.py:362 - INFO] \u2705 RFQ submitted to EuroComponent GmbH
{"timestamp": "2025-10-30T12:49:35.631454", "level": "INFO", "logger": "src.agents.workflows.rfq.observability", "message": 
"\u2705 RFQ submitted to Global Manufacturing Co.", "module": "observability", "function": "info", "line": 362, "workflow_id": 
"test-phase3-1761846575", "stage": "rfq_submission", "vendor_id": "V002"}
[2025-10-30 12:49:35 - C:\Users\maxbush\OneDrive - Microsoft\Documents\Pet 
Projects\agent-demo\backend\src\agents\workflows\rfq\observability.py:362 - INFO] \u2705 RFQ submitted to Global Manufacturing Co.
{"timestamp": "2025-10-30T12:49:35.631494", "level": "INFO", "logger": "src.agents.workflows.rfq.observability", "message": 
"\u2705 RFQ submitted to TechSupply Asia Ltd.", "module": "observability", "function": "info", "line": 362, "workflow_id": 
"test-phase3-1761846575", "stage": "rfq_submission", "vendor_id": "V004"}
[2025-10-30 12:49:35 - C:\Users\maxbush\OneDrive - Microsoft\Documents\Pet 
Projects\agent-demo\backend\src\agents\workflows\rfq\observability.py:362 - INFO] \u2705 RFQ submitted to TechSupply Asia Ltd.
{"timestamp": "2025-10-30T12:49:35.631567", "level": "INFO", "logger": "src.agents.workflows.rfq.observability", "message": 
"\u2705 Parallel RFQ submission complete: 5/5 successful", "module": "observability", "function": "info", "line": 362, 
"workflow_id": "test-phase3-1761846575", "stage": "rfq_submission"}
[2025-10-30 12:49:35 - C:\Users\maxbush\OneDrive - Microsoft\Documents\Pet 
Projects\agent-demo\backend\src\agents\workflows\rfq\observability.py:362 - INFO] \u2705 Parallel RFQ submission complete: 5/5 
successful
{"timestamp": "2025-10-30T12:49:35.631687", "level": "INFO", "logger": "src.agents.workflows.rfq.observability", "message": 
"Phase 3.1 complete: 5 RFQs submitted", "module": "observability", "function": "info", "line": 362, "workflow_id": null, "stage": 
null}
[2025-10-30 12:49:35 - C:\Users\maxbush\OneDrive - Microsoft\Documents\Pet 
Projects\agent-demo\backend\src\agents\workflows\rfq\observability.py:362 - INFO] Phase 3.1 complete: 5 RFQs submitted
{"timestamp": "2025-10-30T12:49:35.631737", "level": "INFO", "logger": "src.agents.workflows.rfq.observability", "message": 
"Phase 3.2: Starting parallel quote collection and parsing", "module": "observability", "function": "info", "line": 362, 
"workflow_id": null, "stage": null}
[2025-10-30 12:49:35 - C:\Users\maxbush\OneDrive - Microsoft\Documents\Pet 
Projects\agent-demo\backend\src\agents\workflows\rfq\observability.py:362 - INFO] Phase 3.2: Starting parallel quote collection 
and parsing
{"timestamp": "2025-10-30T12:49:35.631782", "level": "INFO", "logger": "src.agents.workflows.rfq.observability", "message": 
"Waiting for quote responses from 5 vendors", "module": "observability", "function": "info", "line": 362, "workflow_id": 
"test-phase3-1761846575", "stage": "quote_parsing"}
[2025-10-30 12:49:35 - C:\Users\maxbush\OneDrive - Microsoft\Documents\Pet 
Projects\agent-demo\backend\src\agents\workflows\rfq\observability.py:362 - INFO] Waiting for quote responses from 5 vendors
{"timestamp": "2025-10-30T12:49:35.832897", "level": "INFO", "logger": "src.agents.workflows.rfq.observability", "message": 
"Parsed quote from Quality Components LLC: $113.79/unit, Total: $56896.84, Delivery: 2025-11-09", "module": "observability", 
"function": "info", "line": 362, "workflow_id": "test-phase3-1761846575", "stage": "quote_parsing", "vendor_id": "V005"}
[2025-10-30 12:49:35 - C:\Users\maxbush\OneDrive - Microsoft\Documents\Pet 
Projects\agent-demo\backend\src\agents\workflows\rfq\observability.py:362 - INFO] Parsed quote from Quality Components LLC: 
$113.79/unit, Total: $56896.84, Delivery: 2025-11-09
{"timestamp": "2025-10-30T12:49:35.833154", "level": "INFO", "logger": "src.agents.workflows.rfq.observability", "message": 
"Parsed quote from AccuParts Industries: $122.94/unit, Total: $61469.42, Delivery: 2025-11-11", "module": "observability", 
"function": "info", "line": 362, "workflow_id": "test-phase3-1761846575", "stage": "quote_parsing", "vendor_id": "V001"}
[2025-10-30 12:49:35 - C:\Users\maxbush\OneDrive - Microsoft\Documents\Pet 
Projects\agent-demo\backend\src\agents\workflows\rfq\observability.py:362 - INFO] Parsed quote from AccuParts Industries: 
$122.94/unit, Total: $61469.42, Delivery: 2025-11-11
{"timestamp": "2025-10-30T12:49:35.833226", "level": "INFO", "logger": "src.agents.workflows.rfq.observability", "message": 
"Parsed quote from EuroComponent GmbH: $106.87/unit, Total: $53436.07, Delivery: 2025-11-28", "module": "observability", 
"function": "info", "line": 362, "workflow_id": "test-phase3-1761846575", "stage": "quote_parsing", "vendor_id": "V003"}
[2025-10-30 12:49:35 - C:\Users\maxbush\OneDrive - Microsoft\Documents\Pet 
Projects\agent-demo\backend\src\agents\workflows\rfq\observability.py:362 - INFO] Parsed quote from EuroComponent GmbH: 
$106.87/unit, Total: $53436.07, Delivery: 2025-11-28
{"timestamp": "2025-10-30T12:49:35.833275", "level": "INFO", "logger": "src.agents.workflows.rfq.observability", "message": 
"Parsed quote from Global Manufacturing Co.: $110.49/unit, Total: $55245.53, Delivery: 2025-11-19", "module": "observability", 
"function": "info", "line": 362, "workflow_id": "test-phase3-1761846575", "stage": "quote_parsing", "vendor_id": "V002"}
[2025-10-30 12:49:35 - C:\Users\maxbush\OneDrive - Microsoft\Documents\Pet 
Projects\agent-demo\backend\src\agents\workflows\rfq\observability.py:362 - INFO] Parsed quote from Global Manufacturing Co.: 
$110.49/unit, Total: $55245.53, Delivery: 2025-11-19
{"timestamp": "2025-10-30T12:49:35.833326", "level": "INFO", "logger": "src.agents.workflows.rfq.observability", "message": 
"Parsed quote from TechSupply Asia Ltd.: $95.66/unit, Total: $47829.3, Delivery: 2025-12-04", "module": "observability", 
"function": "info", "line": 362, "workflow_id": "test-phase3-1761846575", "stage": "quote_parsing", "vendor_id": "V004"}
[2025-10-30 12:49:35 - C:\Users\maxbush\OneDrive - Microsoft\Documents\Pet 
Projects\agent-demo\backend\src\agents\workflows\rfq\observability.py:362 - INFO] Parsed quote from TechSupply Asia Ltd.: 
$95.66/unit, Total: $47829.3, Delivery: 2025-12-04
{"timestamp": "2025-10-30T12:49:35.833360", "level": "INFO", "logger": "src.agents.workflows.rfq.observability", "message": 
"\u2705 Quote parsing complete: 5 quotes collected", "module": "observability", "function": "info", "line": 362, "workflow_id": 
"test-phase3-1761846575", "stage": "quote_parsing"}
[2025-10-30 12:49:35 - C:\Users\maxbush\OneDrive - Microsoft\Documents\Pet 
Projects\agent-demo\backend\src\agents\workflows\rfq\observability.py:362 - INFO] \u2705 Quote parsing complete: 5 quotes 
collected
{"timestamp": "2025-10-30T12:49:35.833424", "level": "INFO", "logger": "src.agents.workflows.rfq.observability", "message": 
"Phase 3.2 complete: 5 quotes parsed", "module": "observability", "function": "info", "line": 362, "workflow_id": null, "stage": 
null}
[2025-10-30 12:49:35 - C:\Users\maxbush\OneDrive - Microsoft\Documents\Pet 
Projects\agent-demo\backend\src\agents\workflows\rfq\observability.py:362 - INFO] Phase 3.2 complete: 5 quotes parsed
{"timestamp": "2025-10-30T12:49:35.833461", "level": "INFO", "logger": "src.agents.workflows.rfq.observability", "message": 
"Phase 3.3: Starting 3 parallel evaluation tracks", "module": "observability", "function": "info", "line": 362, "workflow_id": 
null, "stage": null}
[2025-10-30 12:49:35 - C:\Users\maxbush\OneDrive - Microsoft\Documents\Pet 
Projects\agent-demo\backend\src\agents\workflows\rfq\observability.py:362 - INFO] Phase 3.3: Starting 3 parallel evaluation tracks
{"timestamp": "2025-10-30T12:49:35.833508", "level": "INFO", "logger": "src.agents.workflows.rfq.observability", "message": 
"Starting parallel evaluation of 5 vendors across 3 tracks", "module": "observability", "function": "info", "line": 362, 
"workflow_id": "test-phase3-1761846575", "stage": "parallel_evaluation"}
[2025-10-30 12:49:35 - C:\Users\maxbush\OneDrive - Microsoft\Documents\Pet 
Projects\agent-demo\backend\src\agents\workflows\rfq\observability.py:362 - INFO] Starting parallel evaluation of 5 vendors 
across 3 tracks
[AGENT_INIT] Initializing DemoBaseAgent:
  - name: Certification Compliance Evaluator
  - model: gpt-4o
  - tools provided: 0
[AGENT_INIT] Model 'gpt-4o' mapped to deployment 'gpt-4o'
[AGENT_INIT] Using API key: 8HWm8k3r4mOi3ssHz4Ky...
[AGENT_INIT] Creating AzureOpenAIResponsesClient with:
  - endpoint: https://agentdemofoundry-resource.cognitiveservices.azure.com/
  - deployment_name: gpt-4o
  - api_version: 2025-03-01-preview
  - credential: None
  - api_key: <set>
[AGENT_INIT] AzureOpenAIResponsesClient created: <agent_framework.azure._responses_client.AzureOpenAIResponsesClient object at 0x0000027E2771EF90>
[AGENT_INIT] About to create_agent with 0 tools
[AGENT_INIT] ChatAgent created: <agent_framework._agents.ChatAgent object at 0x0000027E2771F230>
[AGENT_INIT] Initializing DemoBaseAgent:
  - name: Financial Analysis Evaluator
  - model: gpt-4o
  - tools provided: 0
[AGENT_INIT] Model 'gpt-4o' mapped to deployment 'gpt-4o'
[AGENT_INIT] Using API key: 8HWm8k3r4mOi3ssHz4Ky...
[AGENT_INIT] Creating AzureOpenAIResponsesClient with:
  - endpoint: https://agentdemofoundry-resource.cognitiveservices.azure.com/
  - deployment_name: gpt-4o
  - api_version: 2025-03-01-preview
  - credential: None
  - api_key: <set>
[AGENT_INIT] AzureOpenAIResponsesClient created: <agent_framework.azure._responses_client.AzureOpenAIResponsesClient object at 0x0000027E277CCB90>
[AGENT_INIT] About to create_agent with 0 tools
[AGENT_INIT] ChatAgent created: <agent_framework._agents.ChatAgent object at 0x0000027E27981310>
[AGENT_INIT] Initializing DemoBaseAgent:
  - name: Delivery Risk Assessor
  - model: gpt-4o
  - tools provided: 0
[AGENT_INIT] Model 'gpt-4o' mapped to deployment 'gpt-4o'
[AGENT_INIT] Using API key: 8HWm8k3r4mOi3ssHz4Ky...
[AGENT_INIT] Creating AzureOpenAIResponsesClient with:
  - endpoint: https://agentdemofoundry-resource.cognitiveservices.azure.com/
  - deployment_name: gpt-4o
  - api_version: 2025-03-01-preview
  - credential: None
  - api_key: <set>
[AGENT_INIT] AzureOpenAIResponsesClient created: <agent_framework.azure._responses_client.AzureOpenAIResponsesClient object at 0x0000027E27982350>
[AGENT_INIT] About to create_agent with 0 tools
[AGENT_INIT] ChatAgent created: <agent_framework._agents.ChatAgent object at 0x0000027E279825D0>
{"timestamp": "2025-10-30T12:49:36.746067", "level": "INFO", "logger": "src.agents.workflows.rfq.observability", "message": 
"Evaluators created, starting parallel evaluation tracks", "module": "observability", "function": "info", "line": 362, 
"workflow_id": "test-phase3-1761846575", "stage": "parallel_evaluation"}
[2025-10-30 12:49:36 - C:\Users\maxbush\OneDrive - Microsoft\Documents\Pet 
Projects\agent-demo\backend\src\agents\workflows\rfq\observability.py:362 - INFO] Evaluators created, starting parallel 
evaluation tracks
{"timestamp": "2025-10-30T12:49:36.746437", "level": "ERROR", "logger": "src.agents.workflows.rfq.observability", "message": 
"Compliance evaluation failed for Quality Components LLC: 'charmap' codec can't encode character '\\U0001f535' in position 41: 
character maps to <undefined>", "module": "observability", "function": "error", "line": 386, "workflow_id": 
"test-phase3-1761846575", "stage": null}
[2025-10-30 12:49:36 - C:\Users\maxbush\OneDrive - Microsoft\Documents\Pet 
Projects\agent-demo\backend\src\agents\workflows\rfq\observability.py:386 - ERROR] Compliance evaluation failed for Quality 
Components LLC: 'charmap' codec can't encode character '\U0001f535' in position 41: character maps to <undefined>
{"timestamp": "2025-10-30T12:49:36.746563", "level": "ERROR", "logger": "src.agents.workflows.rfq.observability", "message": 
"Compliance evaluation failed for AccuParts Industries: 'charmap' codec can't encode character '\\U0001f535' in position 41: 
character maps to <undefined>", "module": "observability", "function": "error", "line": 386, "workflow_id": 
"test-phase3-1761846575", "stage": null}
[2025-10-30 12:49:36 - C:\Users\maxbush\OneDrive - Microsoft\Documents\Pet 
Projects\agent-demo\backend\src\agents\workflows\rfq\observability.py:386 - ERROR] Compliance evaluation failed for AccuParts 
Industries: 'charmap' codec can't encode character '\U0001f535' in position 41: character maps to <undefined>
{"timestamp": "2025-10-30T12:49:36.746641", "level": "ERROR", "logger": "src.agents.workflows.rfq.observability", "message": 
"Compliance evaluation failed for EuroComponent GmbH: 'charmap' codec can't encode character '\\U0001f535' in position 41: 
character maps to <undefined>", "module": "observability", "function": "error", "line": 386, "workflow_id": 
"test-phase3-1761846575", "stage": null}
[2025-10-30 12:49:36 - C:\Users\maxbush\OneDrive - Microsoft\Documents\Pet 
Projects\agent-demo\backend\src\agents\workflows\rfq\observability.py:386 - ERROR] Compliance evaluation failed for EuroComponent 
GmbH: 'charmap' codec can't encode character '\U0001f535' in position 41: character maps to <undefined>
{"timestamp": "2025-10-30T12:49:36.746698", "level": "ERROR", "logger": "src.agents.workflows.rfq.observability", "message": 
"Compliance evaluation failed for Global Manufacturing Co.: 'charmap' codec can't encode character '\\U0001f535' in position 41: 
character maps to <undefined>", "module": "observability", "function": "error", "line": 386, "workflow_id": 
"test-phase3-1761846575", "stage": null}
[2025-10-30 12:49:36 - C:\Users\maxbush\OneDrive - Microsoft\Documents\Pet 
Projects\agent-demo\backend\src\agents\workflows\rfq\observability.py:386 - ERROR] Compliance evaluation failed for Global 
Manufacturing Co.: 'charmap' codec can't encode character '\U0001f535' in position 41: character maps to <undefined>
{"timestamp": "2025-10-30T12:49:36.746748", "level": "ERROR", "logger": "src.agents.workflows.rfq.observability", "message": 
"Compliance evaluation failed for TechSupply Asia Ltd.: 'charmap' codec can't encode character '\\U0001f535' in position 41: 
character maps to <undefined>", "module": "observability", "function": "error", "line": 386, "workflow_id": 
"test-phase3-1761846575", "stage": null}
[2025-10-30 12:49:36 - C:\Users\maxbush\OneDrive - Microsoft\Documents\Pet 
Projects\agent-demo\backend\src\agents\workflows\rfq\observability.py:386 - ERROR] Compliance evaluation failed for TechSupply 
Asia Ltd.: 'charmap' codec can't encode character '\U0001f535' in position 41: character maps to <undefined>
{"timestamp": "2025-10-30T12:49:36.746825", "level": "ERROR", "logger": "src.agents.workflows.rfq.observability", "message": 
"Delivery assessment failed for Quality Components LLC: 'charmap' codec can't encode character '\\U0001f535' in position 29: 
character maps to <undefined>", "module": "observability", "function": "error", "line": 386, "workflow_id": 
"test-phase3-1761846575", "stage": null}
[2025-10-30 12:49:36 - C:\Users\maxbush\OneDrive - Microsoft\Documents\Pet 
Projects\agent-demo\backend\src\agents\workflows\rfq\observability.py:386 - ERROR] Delivery assessment failed for Quality 
Components LLC: 'charmap' codec can't encode character '\U0001f535' in position 29: character maps to <undefined>
{"timestamp": "2025-10-30T12:49:36.746890", "level": "ERROR", "logger": "src.agents.workflows.rfq.observability", "message": 
"Delivery assessment failed for AccuParts Industries: 'charmap' codec can't encode character '\\U0001f535' in position 29: 
character maps to <undefined>", "module": "observability", "function": "error", "line": 386, "workflow_id": 
"test-phase3-1761846575", "stage": null}
[2025-10-30 12:49:36 - C:\Users\maxbush\OneDrive - Microsoft\Documents\Pet 
Projects\agent-demo\backend\src\agents\workflows\rfq\observability.py:386 - ERROR] Delivery assessment failed for AccuParts 
Industries: 'charmap' codec can't encode character '\U0001f535' in position 29: character maps to <undefined>
{"timestamp": "2025-10-30T12:49:36.746940", "level": "ERROR", "logger": "src.agents.workflows.rfq.observability", "message": 
"Delivery assessment failed for EuroComponent GmbH: 'charmap' codec can't encode character '\\U0001f535' in position 29: 
character maps to <undefined>", "module": "observability", "function": "error", "line": 386, "workflow_id": 
"test-phase3-1761846575", "stage": null}
[2025-10-30 12:49:36 - C:\Users\maxbush\OneDrive - Microsoft\Documents\Pet 
Projects\agent-demo\backend\src\agents\workflows\rfq\observability.py:386 - ERROR] Delivery assessment failed for EuroComponent 
GmbH: 'charmap' codec can't encode character '\U0001f535' in position 29: character maps to <undefined>
{"timestamp": "2025-10-30T12:49:36.746985", "level": "ERROR", "logger": "src.agents.workflows.rfq.observability", "message": 
"Delivery assessment failed for Global Manufacturing Co.: 'charmap' codec can't encode character '\\U0001f535' in position 29: 
character maps to <undefined>", "module": "observability", "function": "error", "line": 386, "workflow_id": 
"test-phase3-1761846575", "stage": null}
[2025-10-30 12:49:36 - C:\Users\maxbush\OneDrive - Microsoft\Documents\Pet 
Projects\agent-demo\backend\src\agents\workflows\rfq\observability.py:386 - ERROR] Delivery assessment failed for Global 
Manufacturing Co.: 'charmap' codec can't encode character '\U0001f535' in position 29: character maps to <undefined>
{"timestamp": "2025-10-30T12:49:36.747032", "level": "ERROR", "logger": "src.agents.workflows.rfq.observability", "message": 
"Delivery assessment failed for TechSupply Asia Ltd.: 'charmap' codec can't encode character '\\U0001f535' in position 29: 
character maps to <undefined>", "module": "observability", "function": "error", "line": 386, "workflow_id": 
"test-phase3-1761846575", "stage": null}
[2025-10-30 12:49:36 - C:\Users\maxbush\OneDrive - Microsoft\Documents\Pet 
Projects\agent-demo\backend\src\agents\workflows\rfq\observability.py:386 - ERROR] Delivery assessment failed for TechSupply Asia 
Ltd.: 'charmap' codec can't encode character '\U0001f535' in position 29: character maps to <undefined>
{"timestamp": "2025-10-30T12:49:36.747090", "level": "ERROR", "logger": "src.agents.workflows.rfq.observability", "message": 
"Financial analysis failed for Quality Components LLC: 'charmap' codec can't encode character '\\U0001f535' in position 35: 
character maps to <undefined>", "module": "observability", "function": "error", "line": 386, "workflow_id": 
"test-phase3-1761846575", "stage": null}
[2025-10-30 12:49:36 - C:\Users\maxbush\OneDrive - Microsoft\Documents\Pet 
Projects\agent-demo\backend\src\agents\workflows\rfq\observability.py:386 - ERROR] Financial analysis failed for Quality 
Components LLC: 'charmap' codec can't encode character '\U0001f535' in position 35: character maps to <undefined>
{"timestamp": "2025-10-30T12:49:36.747139", "level": "ERROR", "logger": "src.agents.workflows.rfq.observability", "message": 
"Financial analysis failed for AccuParts Industries: 'charmap' codec can't encode character '\\U0001f535' in position 35: 
character maps to <undefined>", "module": "observability", "function": "error", "line": 386, "workflow_id": 
"test-phase3-1761846575", "stage": null}
[2025-10-30 12:49:36 - C:\Users\maxbush\OneDrive - Microsoft\Documents\Pet 
Projects\agent-demo\backend\src\agents\workflows\rfq\observability.py:386 - ERROR] Financial analysis failed for AccuParts 
Industries: 'charmap' codec can't encode character '\U0001f535' in position 35: character maps to <undefined>
{"timestamp": "2025-10-30T12:49:36.747835", "level": "ERROR", "logger": "src.agents.workflows.rfq.observability", "message": 
"Financial analysis failed for EuroComponent GmbH: 'charmap' codec can't encode character '\\U0001f535' in position 35: character 
maps to <undefined>", "module": "observability", "function": "error", "line": 386, "workflow_id": "test-phase3-1761846575", 
"stage": null}
[2025-10-30 12:49:36 - C:\Users\maxbush\OneDrive - Microsoft\Documents\Pet 
Projects\agent-demo\backend\src\agents\workflows\rfq\observability.py:386 - ERROR] Financial analysis failed for EuroComponent 
GmbH: 'charmap' codec can't encode character '\U0001f535' in position 35: character maps to <undefined>
{"timestamp": "2025-10-30T12:49:36.747931", "level": "ERROR", "logger": "src.agents.workflows.rfq.observability", "message": 
"Financial analysis failed for Global Manufacturing Co.: 'charmap' codec can't encode character '\\U0001f535' in position 35: 
character maps to <undefined>", "module": "observability", "function": "error", "line": 386, "workflow_id": 
"test-phase3-1761846575", "stage": null}
[2025-10-30 12:49:36 - C:\Users\maxbush\OneDrive - Microsoft\Documents\Pet 
Projects\agent-demo\backend\src\agents\workflows\rfq\observability.py:386 - ERROR] Financial analysis failed for Global 
Manufacturing Co.: 'charmap' codec can't encode character '\U0001f535' in position 35: character maps to <undefined>
{"timestamp": "2025-10-30T12:49:36.747997", "level": "ERROR", "logger": "src.agents.workflows.rfq.observability", "message": 
"Financial analysis failed for TechSupply Asia Ltd.: 'charmap' codec can't encode character '\\U0001f535' in position 35: 
character maps to <undefined>", "module": "observability", "function": "error", "line": 386, "workflow_id": 
"test-phase3-1761846575", "stage": null}
[2025-10-30 12:49:36 - C:\Users\maxbush\OneDrive - Microsoft\Documents\Pet 
Projects\agent-demo\backend\src\agents\workflows\rfq\observability.py:386 - ERROR] Financial analysis failed for TechSupply Asia 
Ltd.: 'charmap' codec can't encode character '\U0001f535' in position 35: character maps to <undefined>
{"timestamp": "2025-10-30T12:49:36.748080", "level": "INFO", "logger": "src.agents.workflows.rfq.observability", "message": 
"\u2705 Parallel evaluation complete: 5 compliance, 5 delivery, 5 financial", "module": "observability", "function": "info", 
"line": 362, "workflow_id": "test-phase3-1761846575", "stage": "parallel_evaluation"}
[2025-10-30 12:49:36 - C:\Users\maxbush\OneDrive - Microsoft\Documents\Pet 
Projects\agent-demo\backend\src\agents\workflows\rfq\observability.py:362 - INFO] \u2705 Parallel evaluation complete: 5 
compliance, 5 delivery, 5 financial
{"timestamp": "2025-10-30T12:49:36.748274", "level": "INFO", "logger": "src.agents.workflows.rfq.observability", "message": 
"\u2705 Vendor evaluation merged: Quality Components LLC Review=2.5, Compliance=non-compliant", "module": "observability", 
"function": "info", "line": 362, "workflow_id": "test-phase3-1761846575", "stage": "parallel_evaluation"}
[2025-10-30 12:49:36 - C:\Users\maxbush\OneDrive - Microsoft\Documents\Pet 
Projects\agent-demo\backend\src\agents\workflows\rfq\observability.py:362 - INFO] \u2705 Vendor evaluation merged: Quality 
Components LLC Review=2.5, Compliance=non-compliant
{"timestamp": "2025-10-30T12:49:36.748358", "level": "INFO", "logger": "src.agents.workflows.rfq.observability", "message": 
"\u2705 Vendor evaluation merged: AccuParts Industries Review=2.5, Compliance=non-compliant", "module": "observability", 
"function": "info", "line": 362, "workflow_id": "test-phase3-1761846575", "stage": "parallel_evaluation"}
[2025-10-30 12:49:36 - C:\Users\maxbush\OneDrive - Microsoft\Documents\Pet 
Projects\agent-demo\backend\src\agents\workflows\rfq\observability.py:362 - INFO] \u2705 Vendor evaluation merged: AccuParts 
Industries Review=2.5, Compliance=non-compliant
{"timestamp": "2025-10-30T12:49:36.748412", "level": "INFO", "logger": "src.agents.workflows.rfq.observability", "message": 
"\u2705 Vendor evaluation merged: EuroComponent GmbH Review=2.5, Compliance=non-compliant", "module": "observability", 
"function": "info", "line": 362, "workflow_id": "test-phase3-1761846575", "stage": "parallel_evaluation"}
[2025-10-30 12:49:36 - C:\Users\maxbush\OneDrive - Microsoft\Documents\Pet 
Projects\agent-demo\backend\src\agents\workflows\rfq\observability.py:362 - INFO] \u2705 Vendor evaluation merged: EuroComponent 
GmbH Review=2.5, Compliance=non-compliant
{"timestamp": "2025-10-30T12:49:36.748462", "level": "INFO", "logger": "src.agents.workflows.rfq.observability", "message": 
"\u2705 Vendor evaluation merged: Global Manufacturing Co. Review=2.5, Compliance=non-compliant", "module": "observability", 
"function": "info", "line": 362, "workflow_id": "test-phase3-1761846575", "stage": "parallel_evaluation"}
[2025-10-30 12:49:36 - C:\Users\maxbush\OneDrive - Microsoft\Documents\Pet 
Projects\agent-demo\backend\src\agents\workflows\rfq\observability.py:362 - INFO] \u2705 Vendor evaluation merged: Global 
Manufacturing Co. Review=2.5, Compliance=non-compliant
{"timestamp": "2025-10-30T12:49:36.748508", "level": "INFO", "logger": "src.agents.workflows.rfq.observability", "message": 
"\u2705 Vendor evaluation merged: TechSupply Asia Ltd. Review=2.5, Compliance=non-compliant", "module": "observability", 
"function": "info", "line": 362, "workflow_id": "test-phase3-1761846575", "stage": "parallel_evaluation"}
[2025-10-30 12:49:36 - C:\Users\maxbush\OneDrive - Microsoft\Documents\Pet 
Projects\agent-demo\backend\src\agents\workflows\rfq\observability.py:362 - INFO] \u2705 Vendor evaluation merged: TechSupply 
Asia Ltd. Review=2.5, Compliance=non-compliant
{"timestamp": "2025-10-30T12:49:36.748610", "level": "INFO", "logger": "src.agents.workflows.rfq.observability", "message": 
"Phase 3.3 complete: 3 tracks evaluated 5 vendors", "module": "observability", "function": "info", "line": 362, "workflow_id": 
null, "stage": null}
[2025-10-30 12:49:36 - C:\Users\maxbush\OneDrive - Microsoft\Documents\Pet 
Projects\agent-demo\backend\src\agents\workflows\rfq\observability.py:362 - INFO] Phase 3.3 complete: 3 tracks evaluated 5 vendors
{"timestamp": "2025-10-30T12:49:36.748690", "level": "INFO", "logger": "src.agents.workflows.rfq.observability", "message": 
"\u2705 Phase 3 Integration Test Complete", "module": "observability", "function": "info", "line": 362, "workflow_id": null, 
"stage": null}
[2025-10-30 12:49:36 - C:\Users\maxbush\OneDrive - Microsoft\Documents\Pet 
Projects\agent-demo\backend\src\agents\workflows\rfq\observability.py:362 - INFO] \u2705 Phase 3 Integration Test Complete

================================================================================
[CERTIFICATION COMPLIANCE EVALUATOR_RUN] Starting agent.run() call
[CERTIFICATION COMPLIANCE EVALUATOR_RUN] Message length: 249
[CERTIFICATION COMPLIANCE EVALUATOR_RUN] Thread: <agent_framework._threads.AgentThread object at 0x0000027E2798D940>
================================================================================


================================================================================
[CERTIFICATION COMPLIANCE EVALUATOR_RUN] Starting agent.run() call
[CERTIFICATION COMPLIANCE EVALUATOR_RUN] Message length: 247
[CERTIFICATION COMPLIANCE EVALUATOR_RUN] Thread: <agent_framework._threads.AgentThread object at 0x0000027E279CC2D0>
================================================================================


================================================================================
[CERTIFICATION COMPLIANCE EVALUATOR_RUN] Starting agent.run() call
[CERTIFICATION COMPLIANCE EVALUATOR_RUN] Message length: 250
[CERTIFICATION COMPLIANCE EVALUATOR_RUN] Thread: <agent_framework._threads.AgentThread object at 0x0000027E279CC410>
================================================================================


================================================================================
[CERTIFICATION COMPLIANCE EVALUATOR_RUN] Starting agent.run() call
[CERTIFICATION COMPLIANCE EVALUATOR_RUN] Message length: 248
[CERTIFICATION COMPLIANCE EVALUATOR_RUN] Thread: <agent_framework._threads.AgentThread object at 0x0000027E2799C510>
================================================================================


================================================================================
[CERTIFICATION COMPLIANCE EVALUATOR_RUN] Starting agent.run() call
[CERTIFICATION COMPLIANCE EVALUATOR_RUN] Message length: 244
[CERTIFICATION COMPLIANCE EVALUATOR_RUN] Thread: <agent_framework._threads.AgentThread object at 0x0000027E2799C9D0>
================================================================================


================================================================================
[DELIVERY RISK ASSESSOR_RUN] Starting agent.run() call
[DELIVERY RISK ASSESSOR_RUN] Message length: 212
[DELIVERY RISK ASSESSOR_RUN] Thread: <agent_framework._threads.AgentThread object at 0x0000027E279BCA70>
================================================================================


================================================================================
[DELIVERY RISK ASSESSOR_RUN] Starting agent.run() call
[DELIVERY RISK ASSESSOR_RUN] Message length: 210
[DELIVERY RISK ASSESSOR_RUN] Thread: <agent_framework._threads.AgentThread object at 0x0000027E2794E7A0>
================================================================================


================================================================================
[DELIVERY RISK ASSESSOR_RUN] Starting agent.run() call
[DELIVERY RISK ASSESSOR_RUN] Message length: 212
[DELIVERY RISK ASSESSOR_RUN] Thread: <agent_framework._threads.AgentThread object at 0x0000027E2794E7A0>
================================================================================


================================================================================
[DELIVERY RISK ASSESSOR_RUN] Starting agent.run() call
[DELIVERY RISK ASSESSOR_RUN] Message length: 217
[DELIVERY RISK ASSESSOR_RUN] Thread: <agent_framework._threads.AgentThread object at 0x0000027E27976450>
================================================================================


================================================================================
[DELIVERY RISK ASSESSOR_RUN] Starting agent.run() call
[DELIVERY RISK ASSESSOR_RUN] Message length: 212
[DELIVERY RISK ASSESSOR_RUN] Thread: <agent_framework._threads.AgentThread object at 0x0000027E27976550>
================================================================================


================================================================================
[FINANCIAL ANALYSIS EVALUATOR_RUN] Starting agent.run() call
[FINANCIAL ANALYSIS EVALUATOR_RUN] Message length: 247
[FINANCIAL ANALYSIS EVALUATOR_RUN] Thread: <agent_framework._threads.AgentThread object at 0x0000027E276D1F40>
================================================================================


================================================================================
[FINANCIAL ANALYSIS EVALUATOR_RUN] Starting agent.run() call
[FINANCIAL ANALYSIS EVALUATOR_RUN] Message length: 245
[FINANCIAL ANALYSIS EVALUATOR_RUN] Thread: <agent_framework._threads.AgentThread object at 0x0000027E276D1F40>
================================================================================


================================================================================
[FINANCIAL ANALYSIS EVALUATOR_RUN] Starting agent.run() call
[FINANCIAL ANALYSIS EVALUATOR_RUN] Message length: 243
[FINANCIAL ANALYSIS EVALUATOR_RUN] Thread: <agent_framework._threads.AgentThread object at 0x0000027E277ABAF0>
================================================================================


================================================================================
[FINANCIAL ANALYSIS EVALUATOR_RUN] Starting agent.run() call
[FINANCIAL ANALYSIS EVALUATOR_RUN] Message length: 249
[FINANCIAL ANALYSIS EVALUATOR_RUN] Thread: <agent_framework._threads.AgentThread object at 0x0000027E277ABAF0>
================================================================================


================================================================================
[FINANCIAL ANALYSIS EVALUATOR_RUN] Starting agent.run() call
[FINANCIAL ANALYSIS EVALUATOR_RUN] Message length: 244
[FINANCIAL ANALYSIS EVALUATOR_RUN] Thread: <agent_framework._threads.AgentThread object at 0x0000027E277E1E60>
================================================================================


================================================================================
PHASE 3 INTEGRATION TEST RESULTS
================================================================================

[Execution Summary]
  Total Time: 1.284s
  Phase Breakdown:
    - Preprocessing (Phase 2): 0.104s
    - RFQ Submission (Phase 3.1): 0.062s
    - Quote Parsing (Phase 3.2): 0.202s
    - Parallel Evaluation (Phase 3.3): 0.915s

[Processing Details]
  Vendors Qualified: 5
  Quotes Received: 5
  Evaluations Completed: 5
  Requirements: 500 units

[Top 3 Recommendations]

  1. Quality Components LLC
     Score: 2.5/5.0
     Compliance: non-compliant
     Delivery: YES
     Price: 0.5

  2. AccuParts Industries
     Score: 2.5/5.0
     Compliance: non-compliant
     Delivery: YES
     Price: 0.5

  3. EuroComponent GmbH
     Score: 2.5/5.0
     Compliance: non-compliant
     Delivery: YES
     Price: 0.5

[Validation]
  [PASS] all_phases_executed: True
  [FAIL] parallel_timing_valid: False
  [PASS] results_merged: True
  [PASS] track_results_captured: True

================================================================================
